t[{
	"resource": "/c:/Users/user/OneDrive/Desktop/BARBERNG2/components/ExternalLink.tsx",
	"owner": "typescript",
	"code": "2300",
	"severity": 8,
	"message": "Duplicate identifier 'Linking'.",
	"source": "ts",
	"startLineNumber": 5,
	"startColumn": 10,
	"endLineNumber": 5,
	"endColumn": 17,
	"extensionID": "vscode.typescript-language-features"
},{
	"resource": "/c:/Users/user/OneDrive/Desktop/BARBERNG2/components/ExternalLink.tsx",
	"owner": "typescript",
	"code": "2300",
	"severity": 8,
	"message": "Duplicate identifier 'ComponentProps'.",
	"source": "ts",
	"startLineNumber": 7,
	"startColumn": 15,
	"endLineNumber": 7,
	"endColumn": 29,
	"extensionID": "vscode.typescript-language-features"
},{
	"resource": "/c:/Users/user/OneDrive/Desktop/BARBERNG2/components/ExternalLink.tsx",
	"owner": "typescript",
	"code": "2300",
	"severity": 8,
	"message": "Duplicate identifier 'Platform'.",
	"source": "ts",
	"startLineNumber": 8,
	"startColumn": 10,
	"endLineNumber": 8,
	"endColumn": 18,
	"extensionID": "vscode.typescript-language-features"
},{
	"resource": "/c:/Users/user/OneDrive/Desktop/BARBERNG2/components/ExternalLink.tsx",
	"owner": "typescript",
	"code": "2300",
	"severity": 8,
	"message": "Duplicate identifier 'TouchableOpacity'.",
	"source": "ts",
	"startLineNumber": 8,
	"startColumn": 20,
	"endLineNumber": 8,
	"endColumn": 36,
	"extensionID": "vscode.typescript-language-features"
},{
	"resource": "/c:/Users/user/OneDrive/Desktop/BARBERNG2/components/ExternalLink.tsx",
	"owner": "typescript",
	"code": "2300",
	"severity": 8,
	"message": "Duplicate identifier 'Text'.",
	"source": "ts",
	"startLineNumber": 8,
	"startColumn": 38,
	"endLineNumber": 8,
	"endColumn": 42,
	"extensionID": "vscode.typescript-language-features"
},{
	"resource": "/c:/Users/user/OneDrive/Desktop/BARBERNG2/components/ExternalLink.tsx",
	"owner": "typescript",
	"code": "2300",
	"severity": 8,
	"message": "Duplicate identifier 'Props'.",
	"source": "ts",
	"startLineNumber": 10,
	"startColumn": 6,
	"endLineNumber": 10,
	"endColumn": 11,
	"extensionID": "vscode.typescript-language-features"
},{
	"resource": "/c:/Users/user/OneDrive/Desktop/BARBERNG2/components/ExternalLink.tsx",
	"owner": "typescript",
	"code": "2300",
	"severity": 8,
	"message": "Duplicate identifier 'Linking'.",
	"source": "ts",
	"startLineNumber": 20,
	"startColumn": 10,
	"endLineNumber": 20,
	"endColumn": 17,
	"extensionID": "vscode.typescript-language-features"
},{
	"resource": "/c:/Users/user/OneDrive/Desktop/BARBERNG2/components/ExternalLink.tsx",
	"owner": "typescript",
	"code": "2323",
	"severity": 8,
	"message": "Cannot redeclare exported variable 'ExternalLink'.",
	"source": "ts",
	"startLineNumber": 22,
	"startColumn": 17,
	"endLineNumber": 22,
	"endColumn": 29,
	"extensionID": "vscode.typescript-language-features"
},{
	"resource": "/c:/Users/user/OneDrive/Desktop/BARBERNG2/components/ExternalLink.tsx",
	"owner": "typescript",
	"code": "2393",
	"severity": 8,
	"message": "Duplicate function implementation.",
	"source": "ts",
	"startLineNumber": 22,
	"startColumn": 17,
	"endLineNumber": 22,
	"endColumn": 29,
	"extensionID": "vscode.typescript-language-features"
},{
	"resource": "/c:/Users/user/OneDrive/Desktop/BARBERNG2/components/ExternalLink.tsx",
	"owner": "typescript",
	"code": "2300",
	"severity": 8,
	"message": "Duplicate identifier 'ComponentProps'.",
	"source": "ts",
	"startLineNumber": 38,
	"startColumn": 15,
	"endLineNumber": 38,
	"endColumn": 29,
	"extensionID": "vscode.typescript-language-features"
},{
	"resource": "/c:/Users/user/OneDrive/Desktop/BARBERNG2/components/ExternalLink.tsx",
	"owner": "typescript",
	"code": "2300",
	"severity": 8,
	"message": "Duplicate identifier 'Platform'.",
	"source": "ts",
	"startLineNumber": 39,
	"startColumn": 10,
	"endLineNumber": 39,
	"endColumn": 18,
	"extensionID": "vscode.typescript-language-features"
},{
	"resource": "/c:/Users/user/OneDrive/Desktop/BARBERNG2/components/ExternalLink.tsx",
	"owner": "typescript",
	"code": "2300",
	"severity": 8,
	"message": "Duplicate identifier 'TouchableOpacity'.",
	"source": "ts",
	"startLineNumber": 39,
	"startColumn": 20,
	"endLineNumber": 39,
	"endColumn": 36,
	"extensionID": "vscode.typescript-language-features"
},{
	"resource": "/c:/Users/user/OneDrive/Desktop/BARBERNG2/components/ExternalLink.tsx",
	"owner": "typescript",
	"code": "2300",
	"severity": 8,
	"message": "Duplicate identifier 'Text'.",
	"source": "ts",
	"startLineNumber": 39,
	"startColumn": 38,
	"endLineNumber": 39,
	"endColumn": 42,
	"extensionID": "vscode.typescript-language-features"
},{
	"resource": "/c:/Users/user/OneDrive/Desktop/BARBERNG2/components/ExternalLink.tsx",
	"owner": "typescript",
	"code": "2300",
	"severity": 8,
	"message": "Duplicate identifier 'Props'.",
	"source": "ts",
	"startLineNumber": 41,
	"startColumn": 6,
	"endLineNumber": 41,
	"endColumn": 11,
	"extensionID": "vscode.typescript-language-features"
},{
	"resource": "/c:/Users/user/OneDrive/Desktop/BARBERNG2/components/ExternalLink.tsx",
	"owner": "typescript",
	"code": "2323",
	"severity": 8,
	"message": "Cannot redeclare exported variable 'ExternalLink'.",
	"source": "ts",
	"startLineNumber": 47,
	"startColumn": 17,
	"endLineNumber": 47,
	"endColumn": 29,
	"extensionID": "vscode.typescript-language-features"
},{
	"resource": "/c:/Users/user/OneDrive/Desktop/BARBERNG2/components/ExternalLink.tsx",
	"owner": "typescript",
	"code": "2393",
	"severity": 8,
	"message": "Duplicate function implementation.",
	"source": "ts",
	"startLineNumber": 47,
	"startColumn": 17,
	"endLineNumber": 47,
	"endColumn": 29,
	"extensionID": "vscode.typescript-language-features"
}]


[{
	"resource": "/c:/Users/user/OneDrive/Desktop/BARBERNG2/BARBERNG_Native/App.tsx",
	"owner": "typescript",
	"code": "2300",
	"severity": 8,
	"message": "Duplicate identifier 'LoginScreen'.",
	"source": "ts",
	"startLineNumber": 14,
	"startColumn": 8,
	"endLineNumber": 14,
	"endColumn": 19,
	"extensionID": "vscode.typescript-language-features"
},{
	"resource": "/c:/Users/user/OneDrive/Desktop/BARBERNG2/BARBERNG_Native/App.tsx",
	"owner": "typescript",
	"code": "2307",
	"severity": 8,
	"message": "Cannot find module './src/screens/auth/LoginScreen' or its corresponding type declarations.",
	"source": "ts",
	"startLineNumber": 14,
	"startColumn": 25,
	"endLineNumber": 14,
	"endColumn": 57,
	"extensionID": "vscode.typescript-language-features"
},{
	"resource": "/c:/Users/user/OneDrive/Desktop/BARBERNG2/BARBERNG_Native/App.tsx",
	"owner": "typescript",
	"code": "2300",
	"severity": 8,
	"message": "Duplicate identifier 'PhoneVerificationScreen'.",
	"source": "ts",
	"startLineNumber": 15,
	"startColumn": 8,
	"endLineNumber": 15,
	"endColumn": 31,
	"extensionID": "vscode.typescript-language-features"
},{
	"resource": "/c:/Users/user/OneDrive/Desktop/BARBERNG2/BARBERNG_Native/App.tsx",
	"owner": "typescript",
	"code": "2307",
	"severity": 8,
	"message": "Cannot find module './src/screens/auth/PhoneVerificationScreen' or its corresponding type declarations.",
	"source": "ts",
	"startLineNumber": 15,
	"startColumn": 37,
	"endLineNumber": 15,
	"endColumn": 81,
	"extensionID": "vscode.typescript-language-features"
},{
	"resource": "/c:/Users/user/OneDrive/Desktop/BARBERNG2/BARBERNG_Native/App.tsx",
	"owner": "typescript",
	"code": "2300",
	"severity": 8,
	"message": "Duplicate identifier 'RegisterScreen'.",
	"source": "ts",
	"startLineNumber": 16,
	"startColumn": 8,
	"endLineNumber": 16,
	"endColumn": 22,
	"extensionID": "vscode.typescript-language-features"
},{
	"resource": "/c:/Users/user/OneDrive/Desktop/BARBERNG2/BARBERNG_Native/App.tsx",
	"owner": "typescript",
	"code": "2307",
	"severity": 8,
	"message": "Cannot find module './src/screens/auth/RegisterScreen' or its corresponding type declarations.",
	"source": "ts",
	"startLineNumber": 16,
	"startColumn": 28,
	"endLineNumber": 16,
	"endColumn": 63,
	"extensionID": "vscode.typescript-language-features"
},{
	"resource": "/c:/Users/user/OneDrive/Desktop/BARBERNG2/BARBERNG_Native/App.tsx",
	"owner": "typescript",
	"code": "2300",
	"severity": 8,
	"message": "Duplicate identifier 'LoginScreen'.",
	"source": "ts",
	"startLineNumber": 19,
	"startColumn": 8,
	"endLineNumber": 19,
	"endColumn": 19,
	"extensionID": "vscode.typescript-language-features"
},{
	"resource": "/c:/Users/user/OneDrive/Desktop/BARBERNG2/BARBERNG_Native/App.tsx",
	"owner": "typescript",
	"code": "2300",
	"severity": 8,
	"message": "Duplicate identifier 'PhoneVerificationScreen'.",
	"source": "ts",
	"startLineNumber": 20,
	"startColumn": 8,
	"endLineNumber": 20,
	"endColumn": 31,
	"extensionID": "vscode.typescript-language-features"
},{
	"resource": "/c:/Users/user/OneDrive/Desktop/BARBERNG2/BARBERNG_Native/App.tsx",
	"owner": "typescript",
	"code": "2300",
	"severity": 8,
	"message": "Duplicate identifier 'RegisterScreen'.",
	"source": "ts",
	"startLineNumber": 21,
	"startColumn": 8,
	"endLineNumber": 21,
	"endColumn": 22,
	"extensionID": "vscode.typescript-language-features"
},{
	"resource": "/c:/Users/user/OneDrive/Desktop/BARBERNG2/BARBERNG_Native/App.tsx",
	"owner": "typescript",
	"code": "2451",
	"severity": 8,
	"message": "Cannot redeclare block-scoped variable 'tabNavigatorOptions'.",
	"source": "ts",
	"startLineNumber": 65,
	"startColumn": 7,
	"endLineNumber": 65,
	"endColumn": 26,
	"extensionID": "vscode.typescript-language-features"
},{
	"resource": "/c:/Users/user/OneDrive/Desktop/BARBERNG2/BARBERNG_Native/App.tsx",
	"owner": "typescript",
	"code": "2451",
	"severity": 8,
	"message": "Cannot redeclare block-scoped variable 'tabNavigatorOptions'.",
	"source": "ts",
	"startLineNumber": 86,
	"startColumn": 7,
	"endLineNumber": 86,
	"endColumn": 26,
	"extensionID": "vscode.typescript-language-features"
},{
	"resource": "/c:/Users/user/OneDrive/Desktop/BARBERNG2/BARBERNG_Native/App.tsx",
	"owner": "typescript",
	"code": "2451",
	"severity": 8,
	"message": "Cannot redeclare block-scoped variable 'CustomerTabNavigator'.",
	"source": "ts",
	"startLineNumber": 117,
	"startColumn": 7,
	"endLineNumber": 117,
	"endColumn": 27,
	"extensionID": "vscode.typescript-language-features"
},{
	"resource": "/c:/Users/user/OneDrive/Desktop/BARBERNG2/BARBERNG_Native/App.tsx",
	"owner": "typescript",
	"code": "2769",
	"severity": 8,
	"message": "No overload matches this call.\n  Overload 1 of 2, '(props: Omit<BottomTabNavigatorProps, \"initialRouteName\" | \"children\" | \"layout\" | \"screenListeners\" | \"screenOptions\" | \"screenLayout\" | \"UNSTABLE_router\" | \"id\"> & DefaultRouterOptions<...> & { ...; } & { ...; }, context?: any): string | ... 8 more ... | undefined', gave the following error.\n    Type '({ route }: { route: RouteProp<ParamListBase, string>; navigation: BottomTabNavigationProp<ParamListBase, string, undefined>; theme: Theme; }) => { ...; }' is not assignable to type 'BottomTabNavigationOptions | ((props: { route: RouteProp<ParamListBase, string>; navigation: BottomTabNavigationProp<ParamListBase, string, undefined>; theme: Theme; }) => BottomTabNavigationOptions) | undefined'.\n      Type '({ route }: { route: RouteProp<ParamListBase, string>; navigation: BottomTabNavigationProp<ParamListBase, string, undefined>; theme: Theme; }) => { ...; }' is not assignable to type '(props: { route: RouteProp<ParamListBase, string>; navigation: BottomTabNavigationProp<ParamListBase, string, undefined>; theme: Theme; }) => BottomTabNavigationOptions'.\n        Type '{ tabBarIcon: ({ focused }: { focused: boolean; color: string; size: number; }) => Element; headerShown: boolean; tabBarStyle: { elevation: number; shadowOpacity: number; height: number; paddingBottom: number; paddingTop: number; backgroundColor: string; borderTopWidth: number; borderTopColor: string; }; tabBarActiv...' is not assignable to type 'BottomTabNavigationOptions'.\n          Type '{ tabBarIcon: ({ focused }: { focused: boolean; color: string; size: number; }) => Element; headerShown: boolean; tabBarStyle: { elevation: number; shadowOpacity: number; height: number; paddingBottom: number; paddingTop: number; backgroundColor: string; borderTopWidth: number; borderTopColor: string; }; tabBarActiv...' is not assignable to type '{ title?: string | undefined; tabBarLabel?: string | ((props: { focused: boolean; color: string; position: LabelPosition; children: string; }) => ReactNode) | undefined; ... 30 more ...; transitionSpec?: TransitionSpec | undefined; }'.\n            Types of property 'tabBarLabelStyle' are incompatible.\n              Type '{ fontSize: number; fontWeight: string; }' is not assignable to type 'StyleProp<TextStyle>'.\n                Type '{ fontSize: number; fontWeight: string; }' is not assignable to type 'TextStyle'.\n                  Types of property 'fontWeight' are incompatible.\n                    Type 'string' is not assignable to type '\"500\" | \"light\" | \"normal\" | \"bold\" | \"100\" | \"200\" | \"300\" | \"400\" | \"600\" | \"700\" | \"800\" | \"900\" | 100 | 200 | 300 | 400 | 500 | 600 | 700 | 800 | 900 | \"ultralight\" | \"thin\" | \"medium\" | ... 6 more ... | undefined'.\n  Overload 2 of 2, '(props: Omit<BottomTabNavigatorProps, \"initialRouteName\" | \"children\" | \"layout\" | \"screenListeners\" | \"screenOptions\" | \"screenLayout\" | \"UNSTABLE_router\" | \"id\"> & DefaultRouterOptions<...> & { ...; } & { ...; }): string | ... 8 more ... | undefined', gave the following error.\n    Type '({ route }: { route: RouteProp<ParamListBase, string>; navigation: BottomTabNavigationProp<ParamListBase, string, undefined>; theme: Theme; }) => { ...; }' is not assignable to type 'BottomTabNavigationOptions | ((props: { route: RouteProp<ParamListBase, string>; navigation: BottomTabNavigationProp<ParamListBase, string, undefined>; theme: Theme; }) => BottomTabNavigationOptions) | undefined'.\n      Type '({ route }: { route: RouteProp<ParamListBase, string>; navigation: BottomTabNavigationProp<ParamListBase, string, undefined>; theme: Theme; }) => { ...; }' is not assignable to type '(props: { route: RouteProp<ParamListBase, string>; navigation: BottomTabNavigationProp<ParamListBase, string, undefined>; theme: Theme; }) => BottomTabNavigationOptions'.\n        Type '{ tabBarIcon: ({ focused }: { focused: boolean; color: string; size: number; }) => Element; headerShown: boolean; tabBarStyle: { elevation: number; shadowOpacity: number; height: number; paddingBottom: number; paddingTop: number; backgroundColor: string; borderTopWidth: number; borderTopColor: string; }; tabBarActiv...' is not assignable to type 'BottomTabNavigationOptions'.\n          Type '{ tabBarIcon: ({ focused }: { focused: boolean; color: string; size: number; }) => Element; headerShown: boolean; tabBarStyle: { elevation: number; shadowOpacity: number; height: number; paddingBottom: number; paddingTop: number; backgroundColor: string; borderTopWidth: number; borderTopColor: string; }; tabBarActiv...' is not assignable to type '{ title?: string | undefined; tabBarLabel?: string | ((props: { focused: boolean; color: string; position: LabelPosition; children: string; }) => ReactNode) | undefined; ... 30 more ...; transitionSpec?: TransitionSpec | undefined; }'.\n            Types of property 'tabBarLabelStyle' are incompatible.\n              Type '{ fontSize: number; fontWeight: string; }' is not assignable to type 'StyleProp<TextStyle>'.\n                Type '{ fontSize: number; fontWeight: string; }' is not assignable to type 'TextStyle'.\n                  Types of property 'fontWeight' are incompatible.\n                    Type 'string' is not assignable to type '\"500\" | \"light\" | \"normal\" | \"bold\" | \"100\" | \"200\" | \"300\" | \"400\" | \"600\" | \"700\" | \"800\" | \"900\" | 100 | 200 | 300 | 400 | 500 | 600 | 700 | 800 | 900 | \"ultralight\" | \"thin\" | \"medium\" | ... 6 more ... | undefined'.",
	"source": "ts",
	"startLineNumber": 118,
	"startColumn": 18,
	"endLineNumber": 118,
	"endColumn": 31,
	"relatedInformation": [
		{
			"startLineNumber": 38,
			"startColumn": 5,
			"endLineNumber": 38,
			"endColumn": 18,
			"message": "The expected type comes from property 'screenOptions' which is declared here on type 'IntrinsicAttributes & Omit<BottomTabNavigatorProps, \"initialRouteName\" | \"children\" | \"layout\" | \"screenListeners\" | \"screenOptions\" | \"screenLayout\" | \"UNSTABLE_router\" | \"id\"> & DefaultRouterOptions<...> & { ...; } & { ...; }'",
			"resource": "/c:/Users/user/OneDrive/Desktop/BARBERNG2/BARBERNG_Native/node_modules/@react-navigation/core/lib/typescript/src/types.d.ts"
		},
		{
			"startLineNumber": 38,
			"startColumn": 5,
			"endLineNumber": 38,
			"endColumn": 18,
			"message": "The expected type comes from property 'screenOptions' which is declared here on type 'IntrinsicAttributes & Omit<BottomTabNavigatorProps, \"initialRouteName\" | \"children\" | \"layout\" | \"screenListeners\" | \"screenOptions\" | \"screenLayout\" | \"UNSTABLE_router\" | \"id\"> & DefaultRouterOptions<...> & { ...; } & { ...; }'",
			"resource": "/c:/Users/user/OneDrive/Desktop/BARBERNG2/BARBERNG_Native/node_modules/@react-navigation/core/lib/typescript/src/types.d.ts"
		}
	],
	"extensionID": "vscode.typescript-language-features"
},{
	"resource": "/c:/Users/user/OneDrive/Desktop/BARBERNG2/BARBERNG_Native/App.tsx",
	"owner": "typescript",
	"code": "2451",
	"severity": 8,
	"message": "Cannot redeclare block-scoped variable 'CustomerTabNavigator'.",
	"source": "ts",
	"startLineNumber": 130,
	"startColumn": 7,
	"endLineNumber": 130,
	"endColumn": 27,
	"extensionID": "vscode.typescript-language-features"
},{
	"resource": "/c:/Users/user/OneDrive/Desktop/BARBERNG2/BARBERNG_Native/App.tsx",
	"owner": "typescript",
	"code": "2769",
	"severity": 8,
	"message": "No overload matches this call.\n  Overload 1 of 2, '(props: Omit<BottomTabNavigatorProps, \"initialRouteName\" | \"children\" | \"layout\" | \"screenListeners\" | \"screenOptions\" | \"screenLayout\" | \"UNSTABLE_router\" | \"id\"> & DefaultRouterOptions<...> & { ...; } & { ...; }, context?: any): string | ... 8 more ... | undefined', gave the following error.\n    Type '({ route }: { route: RouteProp<ParamListBase, string>; navigation: BottomTabNavigationProp<ParamListBase, string, undefined>; theme: Theme; }) => { ...; }' is not assignable to type 'BottomTabNavigationOptions | ((props: { route: RouteProp<ParamListBase, string>; navigation: BottomTabNavigationProp<ParamListBase, string, undefined>; theme: Theme; }) => BottomTabNavigationOptions) | undefined'.\n      Type '({ route }: { route: RouteProp<ParamListBase, string>; navigation: BottomTabNavigationProp<ParamListBase, string, undefined>; theme: Theme; }) => { ...; }' is not assignable to type '(props: { route: RouteProp<ParamListBase, string>; navigation: BottomTabNavigationProp<ParamListBase, string, undefined>; theme: Theme; }) => BottomTabNavigationOptions'.\n        Type '{ readonly tabBarIcon: ({ focused }: { focused: boolean; color: string; size: number; }) => Element; readonly headerShown: boolean; readonly tabBarStyle: { elevation: number; shadowOpacity: number; ... 5 more ...; borderTopColor: string; }; readonly tabBarActiveTintColor: string; readonly tabBarInactiveTintColor: st...' is not assignable to type 'BottomTabNavigationOptions'.\n          Type '{ readonly tabBarIcon: ({ focused }: { focused: boolean; color: string; size: number; }) => Element; readonly headerShown: boolean; readonly tabBarStyle: { elevation: number; shadowOpacity: number; ... 5 more ...; borderTopColor: string; }; readonly tabBarActiveTintColor: string; readonly tabBarInactiveTintColor: st...' is not assignable to type '{ title?: string | undefined; tabBarLabel?: string | ((props: { focused: boolean; color: string; position: LabelPosition; children: string; }) => ReactNode) | undefined; ... 30 more ...; transitionSpec?: TransitionSpec | undefined; }'.\n            Types of property 'tabBarLabelStyle' are incompatible.\n              Type '{ fontSize: number; fontWeight: string; }' is not assignable to type 'StyleProp<TextStyle>'.\n                Type '{ fontSize: number; fontWeight: string; }' is not assignable to type 'TextStyle'.\n                  Types of property 'fontWeight' are incompatible.\n                    Type 'string' is not assignable to type '\"500\" | \"light\" | \"normal\" | \"bold\" | \"100\" | \"200\" | \"300\" | \"400\" | \"600\" | \"700\" | \"800\" | \"900\" | 100 | 200 | 300 | 400 | 500 | 600 | 700 | 800 | 900 | \"ultralight\" | \"thin\" | \"medium\" | ... 6 more ... | undefined'.\n  Overload 2 of 2, '(props: Omit<BottomTabNavigatorProps, \"initialRouteName\" | \"children\" | \"layout\" | \"screenListeners\" | \"screenOptions\" | \"screenLayout\" | \"UNSTABLE_router\" | \"id\"> & DefaultRouterOptions<...> & { ...; } & { ...; }): string | ... 8 more ... | undefined', gave the following error.\n    Type '({ route }: { route: RouteProp<ParamListBase, string>; navigation: BottomTabNavigationProp<ParamListBase, string, undefined>; theme: Theme; }) => { ...; }' is not assignable to type 'BottomTabNavigationOptions | ((props: { route: RouteProp<ParamListBase, string>; navigation: BottomTabNavigationProp<ParamListBase, string, undefined>; theme: Theme; }) => BottomTabNavigationOptions) | undefined'.\n      Type '({ route }: { route: RouteProp<ParamListBase, string>; navigation: BottomTabNavigationProp<ParamListBase, string, undefined>; theme: Theme; }) => { ...; }' is not assignable to type '(props: { route: RouteProp<ParamListBase, string>; navigation: BottomTabNavigationProp<ParamListBase, string, undefined>; theme: Theme; }) => BottomTabNavigationOptions'.\n        Type '{ readonly tabBarIcon: ({ focused }: { focused: boolean; color: string; size: number; }) => Element; readonly headerShown: boolean; readonly tabBarStyle: { elevation: number; shadowOpacity: number; ... 5 more ...; borderTopColor: string; }; readonly tabBarActiveTintColor: string; readonly tabBarInactiveTintColor: st...' is not assignable to type 'BottomTabNavigationOptions'.\n          Type '{ readonly tabBarIcon: ({ focused }: { focused: boolean; color: string; size: number; }) => Element; readonly headerShown: boolean; readonly tabBarStyle: { elevation: number; shadowOpacity: number; ... 5 more ...; borderTopColor: string; }; readonly tabBarActiveTintColor: string; readonly tabBarInactiveTintColor: st...' is not assignable to type '{ title?: string | undefined; tabBarLabel?: string | ((props: { focused: boolean; color: string; position: LabelPosition; children: string; }) => ReactNode) | undefined; ... 30 more ...; transitionSpec?: TransitionSpec | undefined; }'.\n            Types of property 'tabBarLabelStyle' are incompatible.\n              Type '{ fontSize: number; fontWeight: string; }' is not assignable to type 'StyleProp<TextStyle>'.\n                Type '{ fontSize: number; fontWeight: string; }' is not assignable to type 'TextStyle'.\n                  Types of property 'fontWeight' are incompatible.\n                    Type 'string' is not assignable to type '\"500\" | \"light\" | \"normal\" | \"bold\" | \"100\" | \"200\" | \"300\" | \"400\" | \"600\" | \"700\" | \"800\" | \"900\" | 100 | 200 | 300 | 400 | 500 | 600 | 700 | 800 | 900 | \"ultralight\" | \"thin\" | \"medium\" | ... 6 more ... | undefined'.",
	"source": "ts",
	"startLineNumber": 132,
	"startColumn": 5,
	"endLineNumber": 132,
	"endColumn": 18,
	"relatedInformation": [
		{
			"startLineNumber": 38,
			"startColumn": 5,
			"endLineNumber": 38,
			"endColumn": 18,
			"message": "The expected type comes from property 'screenOptions' which is declared here on type 'IntrinsicAttributes & Omit<BottomTabNavigatorProps, \"initialRouteName\" | \"children\" | \"layout\" | \"screenListeners\" | \"screenOptions\" | \"screenLayout\" | \"UNSTABLE_router\" | \"id\"> & DefaultRouterOptions<...> & { ...; } & { ...; }'",
			"resource": "/c:/Users/user/OneDrive/Desktop/BARBERNG2/BARBERNG_Native/node_modules/@react-navigation/core/lib/typescript/src/types.d.ts"
		},
		{
			"startLineNumber": 38,
			"startColumn": 5,
			"endLineNumber": 38,
			"endColumn": 18,
			"message": "The expected type comes from property 'screenOptions' which is declared here on type 'IntrinsicAttributes & Omit<BottomTabNavigatorProps, \"initialRouteName\" | \"children\" | \"layout\" | \"screenListeners\" | \"screenOptions\" | \"screenLayout\" | \"UNSTABLE_router\" | \"id\"> & DefaultRouterOptions<...> & { ...; } & { ...; }'",
			"resource": "/c:/Users/user/OneDrive/Desktop/BARBERNG2/BARBERNG_Native/node_modules/@react-navigation/core/lib/typescript/src/types.d.ts"
		}
	],
	"extensionID": "vscode.typescript-language-features"
},{
	"resource": "/c:/Users/user/OneDrive/Desktop/BARBERNG2/BARBERNG_Native/App.tsx",
	"owner": "typescript",
	"code": "2786",
	"severity": 8,
	"message": "'AuthProvider' cannot be used as a JSX component.\n  Its type '({ children }: { children: any; }) => () => void' is not a valid JSX element type.\n    Type '({ children }: { children: any; }) => () => void' is not assignable to type '(props: any) => ReactNode | Promise<ReactNode>'.\n      Type '() => void' is not assignable to type 'ReactNode | Promise<ReactNode>'.",
	"source": "ts",
	"startLineNumber": 186,
	"startColumn": 8,
	"endLineNumber": 186,
	"endColumn": 20,
	"extensionID": "vscode.typescript-language-features"
}]


[{
	"resource": "/c:/Users/user/OneDrive/Desktop/BARBERNG2/BARBERNG_Native/index.js",
	"owner": "typescript",
	"code": "1109",
	"severity": 8,
	"message": "Expression expected.",
	"source": "ts",
	"startLineNumber": 2264,
	"startColumn": 13,
	"endLineNumber": 2264,
	"endColumn": 13,
	"extensionID": "vscode.typescript-language-features"
},{
	"resource": "/c:/Users/user/OneDrive/Desktop/BARBERNG2/BARBERNG_Native/index.js",
	"owner": "typescript",
	"code": "1005",
	"severity": 8,
	"message": "'}' expected.",
	"source": "ts",
	"startLineNumber": 2264,
	"startColumn": 14,
	"endLineNumber": 2264,
	"endColumn": 14,
	"extensionID": "vscode.typescript-language-features"
}]

[{
	"resource": "/c:/Users/user/OneDrive/Desktop/BARBERNG2/BARBERNG_Native/src/services/NotificationService.js",
	"owner": "typescript",
	"code": "2451",
	"severity": 8,
	"message": "Cannot redeclare block-scoped variable 'NotificationService'.",
	"source": "ts",
	"startLineNumber": 5,
	"startColumn": 14,
	"endLineNumber": 5,
	"endColumn": 33,
	"extensionID": "vscode.typescript-language-features"
},{
	"resource": "/c:/Users/user/OneDrive/Desktop/BARBERNG2/BARBERNG_Native/src/services/NotificationService.js",
	"owner": "typescript",
	"code": "2451",
	"severity": 8,
	"message": "Cannot redeclare block-scoped variable 'NotificationService'.",
	"source": "ts",
	"startLineNumber": 36,
	"startColumn": 14,
	"endLineNumber": 36,
	"endColumn": 33,
	"extensionID": "vscode.typescript-language-features"
}]